--------------------------------------------------------------------------------
Release 14.5 Trace  (nt64)
Copyright (c) 1995-2012 Xilinx, Inc.  All rights reserved.

D:\Xilinix\14.5\ISE_DS\ISE\bin\nt64\unwrapped\trce.exe -intstyle ise -v 3 -s 2I
-n 3 -fastpaths -xml ALU.twx ALU.ncd -o ALU.twr ALU.pcf

Design file:              ALU.ncd
Physical constraint file: ALU.pcf
Device,package,speed:     xa7a100t,csg324,I,-2I (PRELIMINARY 1.05 2013-03-26)
Report level:             verbose report

Environment Variable      Effect 
--------------------      ------ 
NONE                      No environment variables were set
--------------------------------------------------------------------------------

INFO:Timing:2698 - No timing constraints found, doing default enumeration.
INFO:Timing:3412 - To improve timing, see the Timing Closure User Guide (UG612).
INFO:Timing:2752 - To get complete path coverage, use the unconstrained paths 
   option. All paths that are not constrained will be reported in the 
   unconstrained paths section(s) of the report.
INFO:Timing:3339 - The clock-to-out numbers in this timing report are based on 
   a 50 Ohm transmission line loading model.  For the details of this model, 
   and for more information on accounting for different loading conditions, 
   please see the device datasheet.



Data Sheet report:
-----------------
All values displayed in nanoseconds (ns)

Pad to Pad
---------------+---------------+---------+
Source Pad     |Destination Pad|  Delay  |
---------------+---------------+---------+
aluop<0>       |dataout<0>     |   10.683|
aluop<0>       |dataout<1>     |    9.365|
aluop<0>       |dataout<2>     |    9.632|
aluop<0>       |dataout<3>     |    9.006|
aluop<0>       |dataout<4>     |    9.150|
aluop<0>       |dataout<5>     |    9.122|
aluop<0>       |dataout<6>     |    7.452|
aluop<0>       |dataout<7>     |    8.602|
aluop<0>       |dataout<8>     |    8.431|
aluop<0>       |dataout<9>     |    8.738|
aluop<0>       |dataout<10>    |    8.516|
aluop<0>       |dataout<11>    |    8.163|
aluop<0>       |dataout<12>    |    8.738|
aluop<0>       |dataout<13>    |    8.722|
aluop<0>       |dataout<14>    |    9.245|
aluop<0>       |dataout<15>    |    8.761|
aluop<0>       |dataout<16>    |    7.860|
aluop<0>       |dataout<17>    |    8.677|
aluop<0>       |dataout<18>    |    8.870|
aluop<0>       |dataout<19>    |    8.546|
aluop<0>       |dataout<20>    |    8.613|
aluop<0>       |dataout<21>    |    9.335|
aluop<0>       |dataout<22>    |    9.994|
aluop<0>       |dataout<23>    |    9.544|
aluop<0>       |dataout<24>    |    9.628|
aluop<0>       |dataout<25>    |    9.293|
aluop<0>       |dataout<26>    |    9.723|
aluop<0>       |dataout<27>    |    9.995|
aluop<0>       |dataout<28>    |    9.796|
aluop<0>       |dataout<29>    |    9.914|
aluop<0>       |dataout<30>    |   10.102|
aluop<0>       |dataout<31>    |    9.656|
aluop<0>       |zflag          |   16.515|
aluop<1>       |dataout<0>     |   11.718|
aluop<1>       |dataout<1>     |    9.314|
aluop<1>       |dataout<2>     |    9.322|
aluop<1>       |dataout<3>     |    9.225|
aluop<1>       |dataout<4>     |    9.537|
aluop<1>       |dataout<5>     |    9.422|
aluop<1>       |dataout<6>     |    7.865|
aluop<1>       |dataout<7>     |    8.661|
aluop<1>       |dataout<8>     |    8.735|
aluop<1>       |dataout<9>     |    9.146|
aluop<1>       |dataout<10>    |    8.623|
aluop<1>       |dataout<11>    |    7.657|
aluop<1>       |dataout<12>    |    8.268|
aluop<1>       |dataout<13>    |    8.502|
aluop<1>       |dataout<14>    |    9.260|
aluop<1>       |dataout<15>    |    8.873|
aluop<1>       |dataout<16>    |    8.176|
aluop<1>       |dataout<17>    |    8.443|
aluop<1>       |dataout<18>    |    9.080|
aluop<1>       |dataout<19>    |    8.970|
aluop<1>       |dataout<20>    |    9.306|
aluop<1>       |dataout<21>    |    9.389|
aluop<1>       |dataout<22>    |   10.164|
aluop<1>       |dataout<23>    |    9.991|
aluop<1>       |dataout<24>    |    9.825|
aluop<1>       |dataout<25>    |    9.897|
aluop<1>       |dataout<26>    |   10.080|
aluop<1>       |dataout<27>    |   10.149|
aluop<1>       |dataout<28>    |   10.165|
aluop<1>       |dataout<29>    |   10.099|
aluop<1>       |dataout<30>    |   10.218|
aluop<1>       |dataout<31>    |   10.460|
aluop<1>       |zflag          |   16.815|
aluop<2>       |cflag          |   20.921|
aluop<2>       |dataout<0>     |   21.575|
aluop<2>       |dataout<1>     |   10.323|
aluop<2>       |dataout<2>     |   10.052|
aluop<2>       |dataout<3>     |   11.037|
aluop<2>       |dataout<4>     |   10.593|
aluop<2>       |dataout<5>     |   11.670|
aluop<2>       |dataout<6>     |   11.093|
aluop<2>       |dataout<7>     |   11.915|
aluop<2>       |dataout<8>     |   11.387|
aluop<2>       |dataout<9>     |   12.583|
aluop<2>       |dataout<10>    |   11.473|
aluop<2>       |dataout<11>    |   12.648|
aluop<2>       |dataout<12>    |   12.041|
aluop<2>       |dataout<13>    |   13.037|
aluop<2>       |dataout<14>    |   12.923|
aluop<2>       |dataout<15>    |   13.866|
aluop<2>       |dataout<16>    |   13.374|
aluop<2>       |dataout<17>    |   13.913|
aluop<2>       |dataout<18>    |   15.018|
aluop<2>       |dataout<19>    |   16.621|
aluop<2>       |dataout<20>    |   15.981|
aluop<2>       |dataout<21>    |   17.011|
aluop<2>       |dataout<22>    |   17.071|
aluop<2>       |dataout<23>    |   16.770|
aluop<2>       |dataout<24>    |   16.785|
aluop<2>       |dataout<25>    |   17.242|
aluop<2>       |dataout<26>    |   17.182|
aluop<2>       |dataout<27>    |   18.178|
aluop<2>       |dataout<28>    |   18.769|
aluop<2>       |dataout<29>    |   19.558|
aluop<2>       |dataout<30>    |   19.182|
aluop<2>       |dataout<31>    |   19.935|
aluop<2>       |oflag          |   21.128|
aluop<2>       |zflag          |   21.856|
aluop<3>       |cflag          |   20.344|
aluop<3>       |dataout<0>     |   20.998|
aluop<3>       |dataout<1>     |   10.285|
aluop<3>       |dataout<2>     |    9.285|
aluop<3>       |dataout<3>     |   10.460|
aluop<3>       |dataout<4>     |   10.016|
aluop<3>       |dataout<5>     |   11.093|
aluop<3>       |dataout<6>     |   10.516|
aluop<3>       |dataout<7>     |   11.338|
aluop<3>       |dataout<8>     |   10.810|
aluop<3>       |dataout<9>     |   12.006|
aluop<3>       |dataout<10>    |   10.896|
aluop<3>       |dataout<11>    |   12.071|
aluop<3>       |dataout<12>    |   11.464|
aluop<3>       |dataout<13>    |   12.460|
aluop<3>       |dataout<14>    |   12.346|
aluop<3>       |dataout<15>    |   13.289|
aluop<3>       |dataout<16>    |   12.797|
aluop<3>       |dataout<17>    |   13.336|
aluop<3>       |dataout<18>    |   14.441|
aluop<3>       |dataout<19>    |   16.044|
aluop<3>       |dataout<20>    |   15.404|
aluop<3>       |dataout<21>    |   16.434|
aluop<3>       |dataout<22>    |   16.494|
aluop<3>       |dataout<23>    |   16.193|
aluop<3>       |dataout<24>    |   16.208|
aluop<3>       |dataout<25>    |   16.665|
aluop<3>       |dataout<26>    |   16.605|
aluop<3>       |dataout<27>    |   17.601|
aluop<3>       |dataout<28>    |   18.192|
aluop<3>       |dataout<29>    |   18.981|
aluop<3>       |dataout<30>    |   18.605|
aluop<3>       |dataout<31>    |   19.358|
aluop<3>       |oflag          |   20.551|
aluop<3>       |zflag          |   21.279|
data1<0>       |cflag          |   19.844|
data1<0>       |dataout<0>     |   20.498|
data1<0>       |dataout<1>     |    9.070|
data1<0>       |dataout<2>     |    8.785|
data1<0>       |dataout<3>     |    9.960|
data1<0>       |dataout<4>     |    9.516|
data1<0>       |dataout<5>     |   10.593|
data1<0>       |dataout<6>     |   10.016|
data1<0>       |dataout<7>     |   10.838|
data1<0>       |dataout<8>     |   10.310|
data1<0>       |dataout<9>     |   11.506|
data1<0>       |dataout<10>    |   10.396|
data1<0>       |dataout<11>    |   11.571|
data1<0>       |dataout<12>    |   10.964|
data1<0>       |dataout<13>    |   11.960|
data1<0>       |dataout<14>    |   11.846|
data1<0>       |dataout<15>    |   12.789|
data1<0>       |dataout<16>    |   12.297|
data1<0>       |dataout<17>    |   12.836|
data1<0>       |dataout<18>    |   13.941|
data1<0>       |dataout<19>    |   15.544|
data1<0>       |dataout<20>    |   14.904|
data1<0>       |dataout<21>    |   15.934|
data1<0>       |dataout<22>    |   15.994|
data1<0>       |dataout<23>    |   15.693|
data1<0>       |dataout<24>    |   15.708|
data1<0>       |dataout<25>    |   16.165|
data1<0>       |dataout<26>    |   16.105|
data1<0>       |dataout<27>    |   17.101|
data1<0>       |dataout<28>    |   17.692|
data1<0>       |dataout<29>    |   18.481|
data1<0>       |dataout<30>    |   18.105|
data1<0>       |dataout<31>    |   18.858|
data1<0>       |oflag          |   20.051|
data1<0>       |zflag          |   20.779|
data1<1>       |cflag          |   19.695|
data1<1>       |dataout<0>     |   20.349|
data1<1>       |dataout<1>     |    8.241|
data1<1>       |dataout<2>     |    8.636|
data1<1>       |dataout<3>     |    9.811|
data1<1>       |dataout<4>     |    9.367|
data1<1>       |dataout<5>     |   10.444|
data1<1>       |dataout<6>     |    9.867|
data1<1>       |dataout<7>     |   10.689|
data1<1>       |dataout<8>     |   10.161|
data1<1>       |dataout<9>     |   11.357|
data1<1>       |dataout<10>    |   10.247|
data1<1>       |dataout<11>    |   11.422|
data1<1>       |dataout<12>    |   10.815|
data1<1>       |dataout<13>    |   11.811|
data1<1>       |dataout<14>    |   11.697|
data1<1>       |dataout<15>    |   12.640|
data1<1>       |dataout<16>    |   12.148|
data1<1>       |dataout<17>    |   12.687|
data1<1>       |dataout<18>    |   13.792|
data1<1>       |dataout<19>    |   15.395|
data1<1>       |dataout<20>    |   14.755|
data1<1>       |dataout<21>    |   15.785|
data1<1>       |dataout<22>    |   15.845|
data1<1>       |dataout<23>    |   15.544|
data1<1>       |dataout<24>    |   15.559|
data1<1>       |dataout<25>    |   16.016|
data1<1>       |dataout<26>    |   15.956|
data1<1>       |dataout<27>    |   16.952|
data1<1>       |dataout<28>    |   17.543|
data1<1>       |dataout<29>    |   18.332|
data1<1>       |dataout<30>    |   17.956|
data1<1>       |dataout<31>    |   18.709|
data1<1>       |oflag          |   19.902|
data1<1>       |zflag          |   20.630|
data1<2>       |cflag          |   18.652|
data1<2>       |dataout<0>     |   19.306|
data1<2>       |dataout<2>     |    7.990|
data1<2>       |dataout<3>     |    8.829|
data1<2>       |dataout<4>     |    8.324|
data1<2>       |dataout<5>     |    9.401|
data1<2>       |dataout<6>     |    8.824|
data1<2>       |dataout<7>     |    9.646|
data1<2>       |dataout<8>     |    9.118|
data1<2>       |dataout<9>     |   10.314|
data1<2>       |dataout<10>    |    9.204|
data1<2>       |dataout<11>    |   10.379|
data1<2>       |dataout<12>    |    9.772|
data1<2>       |dataout<13>    |   10.768|
data1<2>       |dataout<14>    |   10.654|
data1<2>       |dataout<15>    |   11.597|
data1<2>       |dataout<16>    |   11.105|
data1<2>       |dataout<17>    |   11.644|
data1<2>       |dataout<18>    |   12.749|
data1<2>       |dataout<19>    |   14.352|
data1<2>       |dataout<20>    |   13.712|
data1<2>       |dataout<21>    |   14.742|
data1<2>       |dataout<22>    |   14.802|
data1<2>       |dataout<23>    |   14.501|
data1<2>       |dataout<24>    |   14.516|
data1<2>       |dataout<25>    |   14.973|
data1<2>       |dataout<26>    |   14.913|
data1<2>       |dataout<27>    |   15.909|
data1<2>       |dataout<28>    |   16.500|
data1<2>       |dataout<29>    |   17.289|
data1<2>       |dataout<30>    |   16.913|
data1<2>       |dataout<31>    |   17.666|
data1<2>       |oflag          |   18.859|
data1<2>       |zflag          |   19.587|
data1<3>       |cflag          |   18.551|
data1<3>       |dataout<0>     |   19.205|
data1<3>       |dataout<3>     |    7.907|
data1<3>       |dataout<4>     |    8.223|
data1<3>       |dataout<5>     |    9.300|
data1<3>       |dataout<6>     |    8.723|
data1<3>       |dataout<7>     |    9.545|
data1<3>       |dataout<8>     |    9.017|
data1<3>       |dataout<9>     |   10.213|
data1<3>       |dataout<10>    |    9.103|
data1<3>       |dataout<11>    |   10.278|
data1<3>       |dataout<12>    |    9.671|
data1<3>       |dataout<13>    |   10.667|
data1<3>       |dataout<14>    |   10.553|
data1<3>       |dataout<15>    |   11.496|
data1<3>       |dataout<16>    |   11.004|
data1<3>       |dataout<17>    |   11.543|
data1<3>       |dataout<18>    |   12.648|
data1<3>       |dataout<19>    |   14.251|
data1<3>       |dataout<20>    |   13.611|
data1<3>       |dataout<21>    |   14.641|
data1<3>       |dataout<22>    |   14.701|
data1<3>       |dataout<23>    |   14.400|
data1<3>       |dataout<24>    |   14.415|
data1<3>       |dataout<25>    |   14.872|
data1<3>       |dataout<26>    |   14.812|
data1<3>       |dataout<27>    |   15.808|
data1<3>       |dataout<28>    |   16.399|
data1<3>       |dataout<29>    |   17.188|
data1<3>       |dataout<30>    |   16.812|
data1<3>       |dataout<31>    |   17.565|
data1<3>       |oflag          |   18.758|
data1<3>       |zflag          |   19.486|
data1<4>       |cflag          |   18.595|
data1<4>       |dataout<0>     |   19.249|
data1<4>       |dataout<4>     |    7.712|
data1<4>       |dataout<5>     |    9.000|
data1<4>       |dataout<6>     |    8.767|
data1<4>       |dataout<7>     |    9.589|
data1<4>       |dataout<8>     |    9.061|
data1<4>       |dataout<9>     |   10.257|
data1<4>       |dataout<10>    |    9.147|
data1<4>       |dataout<11>    |   10.322|
data1<4>       |dataout<12>    |    9.715|
data1<4>       |dataout<13>    |   10.711|
data1<4>       |dataout<14>    |   10.597|
data1<4>       |dataout<15>    |   11.540|
data1<4>       |dataout<16>    |   11.048|
data1<4>       |dataout<17>    |   11.587|
data1<4>       |dataout<18>    |   12.692|
data1<4>       |dataout<19>    |   14.295|
data1<4>       |dataout<20>    |   13.655|
data1<4>       |dataout<21>    |   14.685|
data1<4>       |dataout<22>    |   14.745|
data1<4>       |dataout<23>    |   14.444|
data1<4>       |dataout<24>    |   14.459|
data1<4>       |dataout<25>    |   14.916|
data1<4>       |dataout<26>    |   14.856|
data1<4>       |dataout<27>    |   15.852|
data1<4>       |dataout<28>    |   16.443|
data1<4>       |dataout<29>    |   17.232|
data1<4>       |dataout<30>    |   16.856|
data1<4>       |dataout<31>    |   17.609|
data1<4>       |oflag          |   18.802|
data1<4>       |zflag          |   19.530|
data1<5>       |cflag          |   18.302|
data1<5>       |dataout<0>     |   18.956|
data1<5>       |dataout<5>     |    7.679|
data1<5>       |dataout<6>     |    8.474|
data1<5>       |dataout<7>     |    9.296|
data1<5>       |dataout<8>     |    8.768|
data1<5>       |dataout<9>     |    9.964|
data1<5>       |dataout<10>    |    8.854|
data1<5>       |dataout<11>    |   10.029|
data1<5>       |dataout<12>    |    9.422|
data1<5>       |dataout<13>    |   10.418|
data1<5>       |dataout<14>    |   10.304|
data1<5>       |dataout<15>    |   11.247|
data1<5>       |dataout<16>    |   10.755|
data1<5>       |dataout<17>    |   11.294|
data1<5>       |dataout<18>    |   12.399|
data1<5>       |dataout<19>    |   14.002|
data1<5>       |dataout<20>    |   13.362|
data1<5>       |dataout<21>    |   14.392|
data1<5>       |dataout<22>    |   14.452|
data1<5>       |dataout<23>    |   14.151|
data1<5>       |dataout<24>    |   14.166|
data1<5>       |dataout<25>    |   14.623|
data1<5>       |dataout<26>    |   14.563|
data1<5>       |dataout<27>    |   15.559|
data1<5>       |dataout<28>    |   16.150|
data1<5>       |dataout<29>    |   16.939|
data1<5>       |dataout<30>    |   16.563|
data1<5>       |dataout<31>    |   17.316|
data1<5>       |oflag          |   18.509|
data1<5>       |zflag          |   19.237|
data1<6>       |cflag          |   17.275|
data1<6>       |dataout<0>     |   17.929|
data1<6>       |dataout<6>     |    6.787|
data1<6>       |dataout<7>     |    8.375|
data1<6>       |dataout<8>     |    7.741|
data1<6>       |dataout<9>     |    8.937|
data1<6>       |dataout<10>    |    7.827|
data1<6>       |dataout<11>    |    9.002|
data1<6>       |dataout<12>    |    8.395|
data1<6>       |dataout<13>    |    9.391|
data1<6>       |dataout<14>    |    9.277|
data1<6>       |dataout<15>    |   10.220|
data1<6>       |dataout<16>    |    9.728|
data1<6>       |dataout<17>    |   10.267|
data1<6>       |dataout<18>    |   11.372|
data1<6>       |dataout<19>    |   12.975|
data1<6>       |dataout<20>    |   12.335|
data1<6>       |dataout<21>    |   13.365|
data1<6>       |dataout<22>    |   13.425|
data1<6>       |dataout<23>    |   13.124|
data1<6>       |dataout<24>    |   13.139|
data1<6>       |dataout<25>    |   13.596|
data1<6>       |dataout<26>    |   13.536|
data1<6>       |dataout<27>    |   14.532|
data1<6>       |dataout<28>    |   15.123|
data1<6>       |dataout<29>    |   15.912|
data1<6>       |dataout<30>    |   15.536|
data1<6>       |dataout<31>    |   16.289|
data1<6>       |oflag          |   17.482|
data1<6>       |zflag          |   18.210|
data1<7>       |cflag          |   18.084|
data1<7>       |dataout<0>     |   18.738|
data1<7>       |dataout<7>     |    7.979|
data1<7>       |dataout<8>     |    8.550|
data1<7>       |dataout<9>     |    9.746|
data1<7>       |dataout<10>    |    8.636|
data1<7>       |dataout<11>    |    9.811|
data1<7>       |dataout<12>    |    9.204|
data1<7>       |dataout<13>    |   10.200|
data1<7>       |dataout<14>    |   10.086|
data1<7>       |dataout<15>    |   11.029|
data1<7>       |dataout<16>    |   10.537|
data1<7>       |dataout<17>    |   11.076|
data1<7>       |dataout<18>    |   12.181|
data1<7>       |dataout<19>    |   13.784|
data1<7>       |dataout<20>    |   13.144|
data1<7>       |dataout<21>    |   14.174|
data1<7>       |dataout<22>    |   14.234|
data1<7>       |dataout<23>    |   13.933|
data1<7>       |dataout<24>    |   13.948|
data1<7>       |dataout<25>    |   14.405|
data1<7>       |dataout<26>    |   14.345|
data1<7>       |dataout<27>    |   15.341|
data1<7>       |dataout<28>    |   15.932|
data1<7>       |dataout<29>    |   16.721|
data1<7>       |dataout<30>    |   16.345|
data1<7>       |dataout<31>    |   17.098|
data1<7>       |oflag          |   18.291|
data1<7>       |zflag          |   19.019|
data1<8>       |cflag          |   17.859|
data1<8>       |dataout<0>     |   18.513|
data1<8>       |dataout<8>     |    7.910|
data1<8>       |dataout<9>     |    9.307|
data1<8>       |dataout<10>    |    8.411|
data1<8>       |dataout<11>    |    9.586|
data1<8>       |dataout<12>    |    8.979|
data1<8>       |dataout<13>    |    9.975|
data1<8>       |dataout<14>    |    9.861|
data1<8>       |dataout<15>    |   10.804|
data1<8>       |dataout<16>    |   10.312|
data1<8>       |dataout<17>    |   10.851|
data1<8>       |dataout<18>    |   11.956|
data1<8>       |dataout<19>    |   13.559|
data1<8>       |dataout<20>    |   12.919|
data1<8>       |dataout<21>    |   13.949|
data1<8>       |dataout<22>    |   14.009|
data1<8>       |dataout<23>    |   13.708|
data1<8>       |dataout<24>    |   13.723|
data1<8>       |dataout<25>    |   14.180|
data1<8>       |dataout<26>    |   14.120|
data1<8>       |dataout<27>    |   15.116|
data1<8>       |dataout<28>    |   15.707|
data1<8>       |dataout<29>    |   16.496|
data1<8>       |dataout<30>    |   16.120|
data1<8>       |dataout<31>    |   16.873|
data1<8>       |oflag          |   18.066|
data1<8>       |zflag          |   18.794|
data1<9>       |cflag          |   16.642|
data1<9>       |dataout<0>     |   17.296|
data1<9>       |dataout<9>     |    7.236|
data1<9>       |dataout<10>    |    7.194|
data1<9>       |dataout<11>    |    8.369|
data1<9>       |dataout<12>    |    7.762|
data1<9>       |dataout<13>    |    8.758|
data1<9>       |dataout<14>    |    8.644|
data1<9>       |dataout<15>    |    9.587|
data1<9>       |dataout<16>    |    9.095|
data1<9>       |dataout<17>    |    9.634|
data1<9>       |dataout<18>    |   10.739|
data1<9>       |dataout<19>    |   12.342|
data1<9>       |dataout<20>    |   11.702|
data1<9>       |dataout<21>    |   12.732|
data1<9>       |dataout<22>    |   12.792|
data1<9>       |dataout<23>    |   12.491|
data1<9>       |dataout<24>    |   12.506|
data1<9>       |dataout<25>    |   12.963|
data1<9>       |dataout<26>    |   12.903|
data1<9>       |dataout<27>    |   13.899|
data1<9>       |dataout<28>    |   14.490|
data1<9>       |dataout<29>    |   15.279|
data1<9>       |dataout<30>    |   14.903|
data1<9>       |dataout<31>    |   15.656|
data1<9>       |oflag          |   16.849|
data1<9>       |zflag          |   17.577|
data1<10>      |cflag          |   15.996|
data1<10>      |dataout<0>     |   16.650|
data1<10>      |dataout<10>    |    7.202|
data1<10>      |dataout<11>    |    7.525|
data1<10>      |dataout<12>    |    7.116|
data1<10>      |dataout<13>    |    8.112|
data1<10>      |dataout<14>    |    7.998|
data1<10>      |dataout<15>    |    8.941|
data1<10>      |dataout<16>    |    8.449|
data1<10>      |dataout<17>    |    8.988|
data1<10>      |dataout<18>    |   10.093|
data1<10>      |dataout<19>    |   11.696|
data1<10>      |dataout<20>    |   11.056|
data1<10>      |dataout<21>    |   12.086|
data1<10>      |dataout<22>    |   12.146|
data1<10>      |dataout<23>    |   11.845|
data1<10>      |dataout<24>    |   11.860|
data1<10>      |dataout<25>    |   12.317|
data1<10>      |dataout<26>    |   12.257|
data1<10>      |dataout<27>    |   13.253|
data1<10>      |dataout<28>    |   13.844|
data1<10>      |dataout<29>    |   14.633|
data1<10>      |dataout<30>    |   14.257|
data1<10>      |dataout<31>    |   15.010|
data1<10>      |oflag          |   16.203|
data1<10>      |zflag          |   16.931|
data1<11>      |cflag          |   16.479|
data1<11>      |dataout<0>     |   17.133|
data1<11>      |dataout<11>    |    7.053|
data1<11>      |dataout<12>    |    7.599|
data1<11>      |dataout<13>    |    8.595|
data1<11>      |dataout<14>    |    8.481|
data1<11>      |dataout<15>    |    9.424|
data1<11>      |dataout<16>    |    8.932|
data1<11>      |dataout<17>    |    9.471|
data1<11>      |dataout<18>    |   10.576|
data1<11>      |dataout<19>    |   12.179|
data1<11>      |dataout<20>    |   11.539|
data1<11>      |dataout<21>    |   12.569|
data1<11>      |dataout<22>    |   12.629|
data1<11>      |dataout<23>    |   12.328|
data1<11>      |dataout<24>    |   12.343|
data1<11>      |dataout<25>    |   12.800|
data1<11>      |dataout<26>    |   12.740|
data1<11>      |dataout<27>    |   13.736|
data1<11>      |dataout<28>    |   14.327|
data1<11>      |dataout<29>    |   15.116|
data1<11>      |dataout<30>    |   14.740|
data1<11>      |dataout<31>    |   15.493|
data1<11>      |oflag          |   16.686|
data1<11>      |zflag          |   17.414|
data1<12>      |cflag          |   16.096|
data1<12>      |dataout<0>     |   16.750|
data1<12>      |dataout<12>    |    6.897|
data1<12>      |dataout<13>    |    7.835|
data1<12>      |dataout<14>    |    8.098|
data1<12>      |dataout<15>    |    9.041|
data1<12>      |dataout<16>    |    8.549|
data1<12>      |dataout<17>    |    9.088|
data1<12>      |dataout<18>    |   10.193|
data1<12>      |dataout<19>    |   11.796|
data1<12>      |dataout<20>    |   11.156|
data1<12>      |dataout<21>    |   12.186|
data1<12>      |dataout<22>    |   12.246|
data1<12>      |dataout<23>    |   11.945|
data1<12>      |dataout<24>    |   11.960|
data1<12>      |dataout<25>    |   12.417|
data1<12>      |dataout<26>    |   12.357|
data1<12>      |dataout<27>    |   13.353|
data1<12>      |dataout<28>    |   13.944|
data1<12>      |dataout<29>    |   14.733|
data1<12>      |dataout<30>    |   14.357|
data1<12>      |dataout<31>    |   15.110|
data1<12>      |oflag          |   16.303|
data1<12>      |zflag          |   17.031|
data1<13>      |cflag          |   16.044|
data1<13>      |dataout<0>     |   16.698|
data1<13>      |dataout<13>    |    6.706|
data1<13>      |dataout<14>    |    8.046|
data1<13>      |dataout<15>    |    8.989|
data1<13>      |dataout<16>    |    8.497|
data1<13>      |dataout<17>    |    9.036|
data1<13>      |dataout<18>    |   10.141|
data1<13>      |dataout<19>    |   11.744|
data1<13>      |dataout<20>    |   11.104|
data1<13>      |dataout<21>    |   12.134|
data1<13>      |dataout<22>    |   12.194|
data1<13>      |dataout<23>    |   11.893|
data1<13>      |dataout<24>    |   11.908|
data1<13>      |dataout<25>    |   12.365|
data1<13>      |dataout<26>    |   12.305|
data1<13>      |dataout<27>    |   13.301|
data1<13>      |dataout<28>    |   13.892|
data1<13>      |dataout<29>    |   14.681|
data1<13>      |dataout<30>    |   14.305|
data1<13>      |dataout<31>    |   15.058|
data1<13>      |oflag          |   16.251|
data1<13>      |zflag          |   16.979|
data1<14>      |cflag          |   15.129|
data1<14>      |dataout<0>     |   15.783|
data1<14>      |dataout<14>    |    7.491|
data1<14>      |dataout<15>    |    8.095|
data1<14>      |dataout<16>    |    7.582|
data1<14>      |dataout<17>    |    8.121|
data1<14>      |dataout<18>    |    9.226|
data1<14>      |dataout<19>    |   10.829|
data1<14>      |dataout<20>    |   10.189|
data1<14>      |dataout<21>    |   11.219|
data1<14>      |dataout<22>    |   11.279|
data1<14>      |dataout<23>    |   10.978|
data1<14>      |dataout<24>    |   10.993|
data1<14>      |dataout<25>    |   11.450|
data1<14>      |dataout<26>    |   11.390|
data1<14>      |dataout<27>    |   12.386|
data1<14>      |dataout<28>    |   12.977|
data1<14>      |dataout<29>    |   13.766|
data1<14>      |dataout<30>    |   13.390|
data1<14>      |dataout<31>    |   14.143|
data1<14>      |oflag          |   15.336|
data1<14>      |zflag          |   16.064|
data1<15>      |cflag          |   15.044|
data1<15>      |dataout<0>     |   15.698|
data1<15>      |dataout<15>    |    7.335|
data1<15>      |dataout<16>    |    7.497|
data1<15>      |dataout<17>    |    8.036|
data1<15>      |dataout<18>    |    9.141|
data1<15>      |dataout<19>    |   10.744|
data1<15>      |dataout<20>    |   10.104|
data1<15>      |dataout<21>    |   11.134|
data1<15>      |dataout<22>    |   11.194|
data1<15>      |dataout<23>    |   10.893|
data1<15>      |dataout<24>    |   10.908|
data1<15>      |dataout<25>    |   11.365|
data1<15>      |dataout<26>    |   11.305|
data1<15>      |dataout<27>    |   12.301|
data1<15>      |dataout<28>    |   12.892|
data1<15>      |dataout<29>    |   13.681|
data1<15>      |dataout<30>    |   13.305|
data1<15>      |dataout<31>    |   14.058|
data1<15>      |oflag          |   15.251|
data1<15>      |zflag          |   15.979|
data1<16>      |cflag          |   15.196|
data1<16>      |dataout<0>     |   15.850|
data1<16>      |dataout<16>    |    6.936|
data1<16>      |dataout<17>    |    8.062|
data1<16>      |dataout<18>    |    9.293|
data1<16>      |dataout<19>    |   10.896|
data1<16>      |dataout<20>    |   10.256|
data1<16>      |dataout<21>    |   11.286|
data1<16>      |dataout<22>    |   11.346|
data1<16>      |dataout<23>    |   11.045|
data1<16>      |dataout<24>    |   11.060|
data1<16>      |dataout<25>    |   11.517|
data1<16>      |dataout<26>    |   11.457|
data1<16>      |dataout<27>    |   12.453|
data1<16>      |dataout<28>    |   13.044|
data1<16>      |dataout<29>    |   13.833|
data1<16>      |dataout<30>    |   13.457|
data1<16>      |dataout<31>    |   14.210|
data1<16>      |oflag          |   15.403|
data1<16>      |zflag          |   16.131|
data1<17>      |cflag          |   15.106|
data1<17>      |dataout<0>     |   15.760|
data1<17>      |dataout<17>    |    6.807|
data1<17>      |dataout<18>    |    9.203|
data1<17>      |dataout<19>    |   10.806|
data1<17>      |dataout<20>    |   10.166|
data1<17>      |dataout<21>    |   11.196|
data1<17>      |dataout<22>    |   11.256|
data1<17>      |dataout<23>    |   10.955|
data1<17>      |dataout<24>    |   10.970|
data1<17>      |dataout<25>    |   11.427|
data1<17>      |dataout<26>    |   11.367|
data1<17>      |dataout<27>    |   12.363|
data1<17>      |dataout<28>    |   12.954|
data1<17>      |dataout<29>    |   13.743|
data1<17>      |dataout<30>    |   13.367|
data1<17>      |dataout<31>    |   14.120|
data1<17>      |oflag          |   15.313|
data1<17>      |zflag          |   16.041|
data1<18>      |cflag          |   13.786|
data1<18>      |dataout<0>     |   14.440|
data1<18>      |dataout<18>    |    8.199|
data1<18>      |dataout<19>    |    9.573|
data1<18>      |dataout<20>    |    8.846|
data1<18>      |dataout<21>    |    9.876|
data1<18>      |dataout<22>    |    9.936|
data1<18>      |dataout<23>    |    9.635|
data1<18>      |dataout<24>    |    9.650|
data1<18>      |dataout<25>    |   10.107|
data1<18>      |dataout<26>    |   10.047|
data1<18>      |dataout<27>    |   11.043|
data1<18>      |dataout<28>    |   11.634|
data1<18>      |dataout<29>    |   12.423|
data1<18>      |dataout<30>    |   12.047|
data1<18>      |dataout<31>    |   12.800|
data1<18>      |oflag          |   13.993|
data1<18>      |zflag          |   14.721|
data1<19>      |cflag          |   13.932|
data1<19>      |dataout<0>     |   14.586|
data1<19>      |dataout<19>    |    8.643|
data1<19>      |dataout<20>    |    8.992|
data1<19>      |dataout<21>    |   10.022|
data1<19>      |dataout<22>    |   10.082|
data1<19>      |dataout<23>    |    9.781|
data1<19>      |dataout<24>    |    9.796|
data1<19>      |dataout<25>    |   10.253|
data1<19>      |dataout<26>    |   10.193|
data1<19>      |dataout<27>    |   11.189|
data1<19>      |dataout<28>    |   11.780|
data1<19>      |dataout<29>    |   12.569|
data1<19>      |dataout<30>    |   12.193|
data1<19>      |dataout<31>    |   12.946|
data1<19>      |oflag          |   14.139|
data1<19>      |zflag          |   14.867|
data1<20>      |cflag          |   13.512|
data1<20>      |dataout<0>     |   14.166|
data1<20>      |dataout<20>    |    7.904|
data1<20>      |dataout<21>    |    8.747|
data1<20>      |dataout<22>    |    9.662|
data1<20>      |dataout<23>    |    9.361|
data1<20>      |dataout<24>    |    9.376|
data1<20>      |dataout<25>    |    9.833|
data1<20>      |dataout<26>    |    9.773|
data1<20>      |dataout<27>    |   10.769|
data1<20>      |dataout<28>    |   11.360|
data1<20>      |dataout<29>    |   12.149|
data1<20>      |dataout<30>    |   11.773|
data1<20>      |dataout<31>    |   12.526|
data1<20>      |oflag          |   13.719|
data1<20>      |zflag          |   14.447|
data1<21>      |cflag          |   14.153|
data1<21>      |dataout<0>     |   14.807|
data1<21>      |dataout<21>    |    7.967|
data1<21>      |dataout<22>    |   10.303|
data1<21>      |dataout<23>    |   10.002|
data1<21>      |dataout<24>    |   10.017|
data1<21>      |dataout<25>    |   10.474|
data1<21>      |dataout<26>    |   10.414|
data1<21>      |dataout<27>    |   11.410|
data1<21>      |dataout<28>    |   12.001|
data1<21>      |dataout<29>    |   12.790|
data1<21>      |dataout<30>    |   12.414|
data1<21>      |dataout<31>    |   13.167|
data1<21>      |oflag          |   14.360|
data1<21>      |zflag          |   15.088|
data1<22>      |cflag          |   11.871|
data1<22>      |dataout<0>     |   12.525|
data1<22>      |dataout<22>    |    7.929|
data1<22>      |dataout<23>    |    7.717|
data1<22>      |dataout<24>    |    7.735|
data1<22>      |dataout<25>    |    8.192|
data1<22>      |dataout<26>    |    8.132|
data1<22>      |dataout<27>    |    9.128|
data1<22>      |dataout<28>    |    9.719|
data1<22>      |dataout<29>    |   10.508|
data1<22>      |dataout<30>    |   10.132|
data1<22>      |dataout<31>    |   10.885|
data1<22>      |oflag          |   12.078|
data1<22>      |zflag          |   12.806|
data1<23>      |cflag          |   12.045|
data1<23>      |dataout<0>     |   12.699|
data1<23>      |dataout<23>    |    7.010|
data1<23>      |dataout<24>    |    7.909|
data1<23>      |dataout<25>    |    8.366|
data1<23>      |dataout<26>    |    8.306|
data1<23>      |dataout<27>    |    9.302|
data1<23>      |dataout<28>    |    9.893|
data1<23>      |dataout<29>    |   10.682|
data1<23>      |dataout<30>    |   10.306|
data1<23>      |dataout<31>    |   11.059|
data1<23>      |oflag          |   12.252|
data1<23>      |zflag          |   12.980|
data1<24>      |cflag          |   11.384|
data1<24>      |dataout<0>     |   12.038|
data1<24>      |dataout<24>    |    6.850|
data1<24>      |dataout<25>    |    7.494|
data1<24>      |dataout<26>    |    7.645|
data1<24>      |dataout<27>    |    8.641|
data1<24>      |dataout<28>    |    9.232|
data1<24>      |dataout<29>    |   10.021|
data1<24>      |dataout<30>    |    9.645|
data1<24>      |dataout<31>    |   10.398|
data1<24>      |oflag          |   11.591|
data1<24>      |zflag          |   12.319|
data1<25>      |cflag          |   11.596|
data1<25>      |dataout<0>     |   12.250|
data1<25>      |dataout<25>    |    7.289|
data1<25>      |dataout<26>    |    7.857|
data1<25>      |dataout<27>    |    8.853|
data1<25>      |dataout<28>    |    9.444|
data1<25>      |dataout<29>    |   10.233|
data1<25>      |dataout<30>    |    9.857|
data1<25>      |dataout<31>    |   10.610|
data1<25>      |oflag          |   11.803|
data1<25>      |zflag          |   12.531|
data1<26>      |cflag          |   10.836|
data1<26>      |dataout<0>     |   11.490|
data1<26>      |dataout<26>    |    7.662|
data1<26>      |dataout<27>    |    8.464|
data1<26>      |dataout<28>    |    8.684|
data1<26>      |dataout<29>    |    9.473|
data1<26>      |dataout<30>    |    9.097|
data1<26>      |dataout<31>    |    9.850|
data1<26>      |oflag          |   11.043|
data1<26>      |zflag          |   11.771|
data1<27>      |cflag          |   10.685|
data1<27>      |dataout<0>     |   11.339|
data1<27>      |dataout<27>    |    7.612|
data1<27>      |dataout<28>    |    8.533|
data1<27>      |dataout<29>    |    9.322|
data1<27>      |dataout<30>    |    8.946|
data1<27>      |dataout<31>    |    9.699|
data1<27>      |oflag          |   10.892|
data1<27>      |zflag          |   11.620|
data1<28>      |cflag          |   10.496|
data1<28>      |dataout<0>     |   11.150|
data1<28>      |dataout<28>    |    7.910|
data1<28>      |dataout<29>    |    8.618|
data1<28>      |dataout<30>    |    8.757|
data1<28>      |dataout<31>    |    9.510|
data1<28>      |oflag          |   10.703|
data1<28>      |zflag          |   11.431|
data1<29>      |cflag          |   10.313|
data1<29>      |dataout<0>     |   10.967|
data1<29>      |dataout<29>    |    7.595|
data1<29>      |dataout<30>    |    8.574|
data1<29>      |dataout<31>    |    9.327|
data1<29>      |oflag          |   10.520|
data1<29>      |zflag          |   11.248|
data1<30>      |cflag          |    9.615|
data1<30>      |dataout<0>     |   10.269|
data1<30>      |dataout<30>    |    8.283|
data1<30>      |dataout<31>    |    8.629|
data1<30>      |oflag          |    9.822|
data1<30>      |zflag          |   10.550|
data1<31>      |cflag          |    7.269|
data1<31>      |dataout<0>     |   10.028|
data1<31>      |dataout<31>    |    9.291|
data1<31>      |oflag          |    7.473|
data1<31>      |zflag          |   11.008|
data2<0>       |cflag          |   19.834|
data2<0>       |dataout<0>     |   20.488|
data2<0>       |dataout<1>     |    9.124|
data2<0>       |dataout<2>     |    8.775|
data2<0>       |dataout<3>     |    9.950|
data2<0>       |dataout<4>     |    9.506|
data2<0>       |dataout<5>     |   10.583|
data2<0>       |dataout<6>     |   10.006|
data2<0>       |dataout<7>     |   10.828|
data2<0>       |dataout<8>     |   10.300|
data2<0>       |dataout<9>     |   11.496|
data2<0>       |dataout<10>    |   10.386|
data2<0>       |dataout<11>    |   11.561|
data2<0>       |dataout<12>    |   10.954|
data2<0>       |dataout<13>    |   11.950|
data2<0>       |dataout<14>    |   11.836|
data2<0>       |dataout<15>    |   12.779|
data2<0>       |dataout<16>    |   12.287|
data2<0>       |dataout<17>    |   12.826|
data2<0>       |dataout<18>    |   13.931|
data2<0>       |dataout<19>    |   15.534|
data2<0>       |dataout<20>    |   14.894|
data2<0>       |dataout<21>    |   15.924|
data2<0>       |dataout<22>    |   15.984|
data2<0>       |dataout<23>    |   15.683|
data2<0>       |dataout<24>    |   15.698|
data2<0>       |dataout<25>    |   16.155|
data2<0>       |dataout<26>    |   16.095|
data2<0>       |dataout<27>    |   17.091|
data2<0>       |dataout<28>    |   17.682|
data2<0>       |dataout<29>    |   18.471|
data2<0>       |dataout<30>    |   18.095|
data2<0>       |dataout<31>    |   18.848|
data2<0>       |oflag          |   20.041|
data2<0>       |zflag          |   20.769|
data2<1>       |cflag          |   19.223|
data2<1>       |dataout<0>     |   19.877|
data2<1>       |dataout<1>     |    8.403|
data2<1>       |dataout<2>     |    8.164|
data2<1>       |dataout<3>     |    9.339|
data2<1>       |dataout<4>     |    8.895|
data2<1>       |dataout<5>     |    9.972|
data2<1>       |dataout<6>     |    9.395|
data2<1>       |dataout<7>     |   10.217|
data2<1>       |dataout<8>     |    9.689|
data2<1>       |dataout<9>     |   10.885|
data2<1>       |dataout<10>    |    9.775|
data2<1>       |dataout<11>    |   10.950|
data2<1>       |dataout<12>    |   10.343|
data2<1>       |dataout<13>    |   11.339|
data2<1>       |dataout<14>    |   11.225|
data2<1>       |dataout<15>    |   12.168|
data2<1>       |dataout<16>    |   11.676|
data2<1>       |dataout<17>    |   12.215|
data2<1>       |dataout<18>    |   13.320|
data2<1>       |dataout<19>    |   14.923|
data2<1>       |dataout<20>    |   14.283|
data2<1>       |dataout<21>    |   15.313|
data2<1>       |dataout<22>    |   15.373|
data2<1>       |dataout<23>    |   15.072|
data2<1>       |dataout<24>    |   15.087|
data2<1>       |dataout<25>    |   15.544|
data2<1>       |dataout<26>    |   15.484|
data2<1>       |dataout<27>    |   16.480|
data2<1>       |dataout<28>    |   17.071|
data2<1>       |dataout<29>    |   17.860|
data2<1>       |dataout<30>    |   17.484|
data2<1>       |dataout<31>    |   18.237|
data2<1>       |oflag          |   19.430|
data2<1>       |zflag          |   20.158|
data2<2>       |cflag          |   18.979|
data2<2>       |dataout<0>     |   19.633|
data2<2>       |dataout<2>     |    8.857|
data2<2>       |dataout<3>     |    8.857|
data2<2>       |dataout<4>     |    8.651|
data2<2>       |dataout<5>     |    9.728|
data2<2>       |dataout<6>     |    9.151|
data2<2>       |dataout<7>     |    9.973|
data2<2>       |dataout<8>     |    9.445|
data2<2>       |dataout<9>     |   10.641|
data2<2>       |dataout<10>    |    9.531|
data2<2>       |dataout<11>    |   10.706|
data2<2>       |dataout<12>    |   10.099|
data2<2>       |dataout<13>    |   11.095|
data2<2>       |dataout<14>    |   10.981|
data2<2>       |dataout<15>    |   11.924|
data2<2>       |dataout<16>    |   11.432|
data2<2>       |dataout<17>    |   11.971|
data2<2>       |dataout<18>    |   13.076|
data2<2>       |dataout<19>    |   14.679|
data2<2>       |dataout<20>    |   14.039|
data2<2>       |dataout<21>    |   15.069|
data2<2>       |dataout<22>    |   15.129|
data2<2>       |dataout<23>    |   14.828|
data2<2>       |dataout<24>    |   14.843|
data2<2>       |dataout<25>    |   15.300|
data2<2>       |dataout<26>    |   15.240|
data2<2>       |dataout<27>    |   16.236|
data2<2>       |dataout<28>    |   16.827|
data2<2>       |dataout<29>    |   17.616|
data2<2>       |dataout<30>    |   17.240|
data2<2>       |dataout<31>    |   17.993|
data2<2>       |oflag          |   19.186|
data2<2>       |zflag          |   19.914|
data2<3>       |cflag          |   19.298|
data2<3>       |dataout<0>     |   19.952|
data2<3>       |dataout<3>     |    8.486|
data2<3>       |dataout<4>     |    8.970|
data2<3>       |dataout<5>     |   10.047|
data2<3>       |dataout<6>     |    9.470|
data2<3>       |dataout<7>     |   10.292|
data2<3>       |dataout<8>     |    9.764|
data2<3>       |dataout<9>     |   10.960|
data2<3>       |dataout<10>    |    9.850|
data2<3>       |dataout<11>    |   11.025|
data2<3>       |dataout<12>    |   10.418|
data2<3>       |dataout<13>    |   11.414|
data2<3>       |dataout<14>    |   11.300|
data2<3>       |dataout<15>    |   12.243|
data2<3>       |dataout<16>    |   11.751|
data2<3>       |dataout<17>    |   12.290|
data2<3>       |dataout<18>    |   13.395|
data2<3>       |dataout<19>    |   14.998|
data2<3>       |dataout<20>    |   14.358|
data2<3>       |dataout<21>    |   15.388|
data2<3>       |dataout<22>    |   15.448|
data2<3>       |dataout<23>    |   15.147|
data2<3>       |dataout<24>    |   15.162|
data2<3>       |dataout<25>    |   15.619|
data2<3>       |dataout<26>    |   15.559|
data2<3>       |dataout<27>    |   16.555|
data2<3>       |dataout<28>    |   17.146|
data2<3>       |dataout<29>    |   17.935|
data2<3>       |dataout<30>    |   17.559|
data2<3>       |dataout<31>    |   18.312|
data2<3>       |oflag          |   19.505|
data2<3>       |zflag          |   20.233|
data2<4>       |cflag          |   18.689|
data2<4>       |dataout<0>     |   19.343|
data2<4>       |dataout<4>     |    8.252|
data2<4>       |dataout<5>     |    8.428|
data2<4>       |dataout<6>     |    8.861|
data2<4>       |dataout<7>     |    9.683|
data2<4>       |dataout<8>     |    9.155|
data2<4>       |dataout<9>     |   10.351|
data2<4>       |dataout<10>    |    9.241|
data2<4>       |dataout<11>    |   10.416|
data2<4>       |dataout<12>    |    9.809|
data2<4>       |dataout<13>    |   10.805|
data2<4>       |dataout<14>    |   10.691|
data2<4>       |dataout<15>    |   11.634|
data2<4>       |dataout<16>    |   11.142|
data2<4>       |dataout<17>    |   11.681|
data2<4>       |dataout<18>    |   12.786|
data2<4>       |dataout<19>    |   14.389|
data2<4>       |dataout<20>    |   13.749|
data2<4>       |dataout<21>    |   14.779|
data2<4>       |dataout<22>    |   14.839|
data2<4>       |dataout<23>    |   14.538|
data2<4>       |dataout<24>    |   14.553|
data2<4>       |dataout<25>    |   15.010|
data2<4>       |dataout<26>    |   14.950|
data2<4>       |dataout<27>    |   15.946|
data2<4>       |dataout<28>    |   16.537|
data2<4>       |dataout<29>    |   17.326|
data2<4>       |dataout<30>    |   16.950|
data2<4>       |dataout<31>    |   17.703|
data2<4>       |oflag          |   18.896|
data2<4>       |zflag          |   19.624|
data2<5>       |cflag          |   18.393|
data2<5>       |dataout<0>     |   19.047|
data2<5>       |dataout<5>     |    8.026|
data2<5>       |dataout<6>     |    8.565|
data2<5>       |dataout<7>     |    9.387|
data2<5>       |dataout<8>     |    8.859|
data2<5>       |dataout<9>     |   10.055|
data2<5>       |dataout<10>    |    8.945|
data2<5>       |dataout<11>    |   10.120|
data2<5>       |dataout<12>    |    9.513|
data2<5>       |dataout<13>    |   10.509|
data2<5>       |dataout<14>    |   10.395|
data2<5>       |dataout<15>    |   11.338|
data2<5>       |dataout<16>    |   10.846|
data2<5>       |dataout<17>    |   11.385|
data2<5>       |dataout<18>    |   12.490|
data2<5>       |dataout<19>    |   14.093|
data2<5>       |dataout<20>    |   13.453|
data2<5>       |dataout<21>    |   14.483|
data2<5>       |dataout<22>    |   14.543|
data2<5>       |dataout<23>    |   14.242|
data2<5>       |dataout<24>    |   14.257|
data2<5>       |dataout<25>    |   14.714|
data2<5>       |dataout<26>    |   14.654|
data2<5>       |dataout<27>    |   15.650|
data2<5>       |dataout<28>    |   16.241|
data2<5>       |dataout<29>    |   17.030|
data2<5>       |dataout<30>    |   16.654|
data2<5>       |dataout<31>    |   17.407|
data2<5>       |oflag          |   18.600|
data2<5>       |zflag          |   19.328|
data2<6>       |cflag          |   18.032|
data2<6>       |dataout<0>     |   18.686|
data2<6>       |dataout<6>     |    7.827|
data2<6>       |dataout<7>     |    8.156|
data2<6>       |dataout<8>     |    8.498|
data2<6>       |dataout<9>     |    9.694|
data2<6>       |dataout<10>    |    8.584|
data2<6>       |dataout<11>    |    9.759|
data2<6>       |dataout<12>    |    9.152|
data2<6>       |dataout<13>    |   10.148|
data2<6>       |dataout<14>    |   10.034|
data2<6>       |dataout<15>    |   10.977|
data2<6>       |dataout<16>    |   10.485|
data2<6>       |dataout<17>    |   11.024|
data2<6>       |dataout<18>    |   12.129|
data2<6>       |dataout<19>    |   13.732|
data2<6>       |dataout<20>    |   13.092|
data2<6>       |dataout<21>    |   14.122|
data2<6>       |dataout<22>    |   14.182|
data2<6>       |dataout<23>    |   13.881|
data2<6>       |dataout<24>    |   13.896|
data2<6>       |dataout<25>    |   14.353|
data2<6>       |dataout<26>    |   14.293|
data2<6>       |dataout<27>    |   15.289|
data2<6>       |dataout<28>    |   15.880|
data2<6>       |dataout<29>    |   16.669|
data2<6>       |dataout<30>    |   16.293|
data2<6>       |dataout<31>    |   17.046|
data2<6>       |oflag          |   18.239|
data2<6>       |zflag          |   18.967|
data2<7>       |cflag          |   18.788|
data2<7>       |dataout<0>     |   19.442|
data2<7>       |dataout<7>     |    8.453|
data2<7>       |dataout<8>     |    9.254|
data2<7>       |dataout<9>     |   10.450|
data2<7>       |dataout<10>    |    9.340|
data2<7>       |dataout<11>    |   10.515|
data2<7>       |dataout<12>    |    9.908|
data2<7>       |dataout<13>    |   10.904|
data2<7>       |dataout<14>    |   10.790|
data2<7>       |dataout<15>    |   11.733|
data2<7>       |dataout<16>    |   11.241|
data2<7>       |dataout<17>    |   11.780|
data2<7>       |dataout<18>    |   12.885|
data2<7>       |dataout<19>    |   14.488|
data2<7>       |dataout<20>    |   13.848|
data2<7>       |dataout<21>    |   14.878|
data2<7>       |dataout<22>    |   14.938|
data2<7>       |dataout<23>    |   14.637|
data2<7>       |dataout<24>    |   14.652|
data2<7>       |dataout<25>    |   15.109|
data2<7>       |dataout<26>    |   15.049|
data2<7>       |dataout<27>    |   16.045|
data2<7>       |dataout<28>    |   16.636|
data2<7>       |dataout<29>    |   17.425|
data2<7>       |dataout<30>    |   17.049|
data2<7>       |dataout<31>    |   17.802|
data2<7>       |oflag          |   18.995|
data2<7>       |zflag          |   19.723|
data2<8>       |cflag          |   18.063|
data2<8>       |dataout<0>     |   18.717|
data2<8>       |dataout<8>     |    7.841|
data2<8>       |dataout<9>     |    8.642|
data2<8>       |dataout<10>    |    8.615|
data2<8>       |dataout<11>    |    9.790|
data2<8>       |dataout<12>    |    9.183|
data2<8>       |dataout<13>    |   10.179|
data2<8>       |dataout<14>    |   10.065|
data2<8>       |dataout<15>    |   11.008|
data2<8>       |dataout<16>    |   10.516|
data2<8>       |dataout<17>    |   11.055|
data2<8>       |dataout<18>    |   12.160|
data2<8>       |dataout<19>    |   13.763|
data2<8>       |dataout<20>    |   13.123|
data2<8>       |dataout<21>    |   14.153|
data2<8>       |dataout<22>    |   14.213|
data2<8>       |dataout<23>    |   13.912|
data2<8>       |dataout<24>    |   13.927|
data2<8>       |dataout<25>    |   14.384|
data2<8>       |dataout<26>    |   14.324|
data2<8>       |dataout<27>    |   15.320|
data2<8>       |dataout<28>    |   15.911|
data2<8>       |dataout<29>    |   16.700|
data2<8>       |dataout<30>    |   16.324|
data2<8>       |dataout<31>    |   17.077|
data2<8>       |oflag          |   18.270|
data2<8>       |zflag          |   18.998|
data2<9>       |cflag          |   17.960|
data2<9>       |dataout<0>     |   18.614|
data2<9>       |dataout<9>     |    8.619|
data2<9>       |dataout<10>    |    8.512|
data2<9>       |dataout<11>    |    9.687|
data2<9>       |dataout<12>    |    9.080|
data2<9>       |dataout<13>    |   10.076|
data2<9>       |dataout<14>    |    9.962|
data2<9>       |dataout<15>    |   10.905|
data2<9>       |dataout<16>    |   10.413|
data2<9>       |dataout<17>    |   10.952|
data2<9>       |dataout<18>    |   12.057|
data2<9>       |dataout<19>    |   13.660|
data2<9>       |dataout<20>    |   13.020|
data2<9>       |dataout<21>    |   14.050|
data2<9>       |dataout<22>    |   14.110|
data2<9>       |dataout<23>    |   13.809|
data2<9>       |dataout<24>    |   13.824|
data2<9>       |dataout<25>    |   14.281|
data2<9>       |dataout<26>    |   14.221|
data2<9>       |dataout<27>    |   15.217|
data2<9>       |dataout<28>    |   15.808|
data2<9>       |dataout<29>    |   16.597|
data2<9>       |dataout<30>    |   16.221|
data2<9>       |dataout<31>    |   16.974|
data2<9>       |oflag          |   18.167|
data2<9>       |zflag          |   18.895|
data2<10>      |cflag          |   17.719|
data2<10>      |dataout<0>     |   18.373|
data2<10>      |dataout<10>    |    8.645|
data2<10>      |dataout<11>    |    8.382|
data2<10>      |dataout<12>    |    8.839|
data2<10>      |dataout<13>    |    9.835|
data2<10>      |dataout<14>    |    9.721|
data2<10>      |dataout<15>    |   10.664|
data2<10>      |dataout<16>    |   10.172|
data2<10>      |dataout<17>    |   10.711|
data2<10>      |dataout<18>    |   11.816|
data2<10>      |dataout<19>    |   13.419|
data2<10>      |dataout<20>    |   12.779|
data2<10>      |dataout<21>    |   13.809|
data2<10>      |dataout<22>    |   13.869|
data2<10>      |dataout<23>    |   13.568|
data2<10>      |dataout<24>    |   13.583|
data2<10>      |dataout<25>    |   14.040|
data2<10>      |dataout<26>    |   13.980|
data2<10>      |dataout<27>    |   14.976|
data2<10>      |dataout<28>    |   15.567|
data2<10>      |dataout<29>    |   16.356|
data2<10>      |dataout<30>    |   15.980|
data2<10>      |dataout<31>    |   16.733|
data2<10>      |oflag          |   17.926|
data2<10>      |zflag          |   18.654|
data2<11>      |cflag          |   17.924|
data2<11>      |dataout<0>     |   18.578|
data2<11>      |dataout<11>    |    7.816|
data2<11>      |dataout<12>    |    9.044|
data2<11>      |dataout<13>    |   10.040|
data2<11>      |dataout<14>    |    9.926|
data2<11>      |dataout<15>    |   10.869|
data2<11>      |dataout<16>    |   10.377|
data2<11>      |dataout<17>    |   10.916|
data2<11>      |dataout<18>    |   12.021|
data2<11>      |dataout<19>    |   13.624|
data2<11>      |dataout<20>    |   12.984|
data2<11>      |dataout<21>    |   14.014|
data2<11>      |dataout<22>    |   14.074|
data2<11>      |dataout<23>    |   13.773|
data2<11>      |dataout<24>    |   13.788|
data2<11>      |dataout<25>    |   14.245|
data2<11>      |dataout<26>    |   14.185|
data2<11>      |dataout<27>    |   15.181|
data2<11>      |dataout<28>    |   15.772|
data2<11>      |dataout<29>    |   16.561|
data2<11>      |dataout<30>    |   16.185|
data2<11>      |dataout<31>    |   16.938|
data2<11>      |oflag          |   18.131|
data2<11>      |zflag          |   18.859|
data2<12>      |cflag          |   17.066|
data2<12>      |dataout<0>     |   17.720|
data2<12>      |dataout<12>    |    7.953|
data2<12>      |dataout<13>    |    8.134|
data2<12>      |dataout<14>    |    9.068|
data2<12>      |dataout<15>    |   10.011|
data2<12>      |dataout<16>    |    9.519|
data2<12>      |dataout<17>    |   10.058|
data2<12>      |dataout<18>    |   11.163|
data2<12>      |dataout<19>    |   12.766|
data2<12>      |dataout<20>    |   12.126|
data2<12>      |dataout<21>    |   13.156|
data2<12>      |dataout<22>    |   13.216|
data2<12>      |dataout<23>    |   12.915|
data2<12>      |dataout<24>    |   12.930|
data2<12>      |dataout<25>    |   13.387|
data2<12>      |dataout<26>    |   13.327|
data2<12>      |dataout<27>    |   14.323|
data2<12>      |dataout<28>    |   14.914|
data2<12>      |dataout<29>    |   15.703|
data2<12>      |dataout<30>    |   15.327|
data2<12>      |dataout<31>    |   16.080|
data2<12>      |oflag          |   17.273|
data2<12>      |zflag          |   18.001|
data2<13>      |cflag          |   16.988|
data2<13>      |dataout<0>     |   17.642|
data2<13>      |dataout<13>    |    8.067|
data2<13>      |dataout<14>    |    8.990|
data2<13>      |dataout<15>    |    9.933|
data2<13>      |dataout<16>    |    9.441|
data2<13>      |dataout<17>    |    9.980|
data2<13>      |dataout<18>    |   11.085|
data2<13>      |dataout<19>    |   12.688|
data2<13>      |dataout<20>    |   12.048|
data2<13>      |dataout<21>    |   13.078|
data2<13>      |dataout<22>    |   13.138|
data2<13>      |dataout<23>    |   12.837|
data2<13>      |dataout<24>    |   12.852|
data2<13>      |dataout<25>    |   13.309|
data2<13>      |dataout<26>    |   13.249|
data2<13>      |dataout<27>    |   14.245|
data2<13>      |dataout<28>    |   14.836|
data2<13>      |dataout<29>    |   15.625|
data2<13>      |dataout<30>    |   15.249|
data2<13>      |dataout<31>    |   16.002|
data2<13>      |oflag          |   17.195|
data2<13>      |zflag          |   17.923|
data2<14>      |cflag          |   16.134|
data2<14>      |dataout<0>     |   16.788|
data2<14>      |dataout<14>    |    8.682|
data2<14>      |dataout<15>    |    8.407|
data2<14>      |dataout<16>    |    8.587|
data2<14>      |dataout<17>    |    9.126|
data2<14>      |dataout<18>    |   10.231|
data2<14>      |dataout<19>    |   11.834|
data2<14>      |dataout<20>    |   11.194|
data2<14>      |dataout<21>    |   12.224|
data2<14>      |dataout<22>    |   12.284|
data2<14>      |dataout<23>    |   11.983|
data2<14>      |dataout<24>    |   11.998|
data2<14>      |dataout<25>    |   12.455|
data2<14>      |dataout<26>    |   12.395|
data2<14>      |dataout<27>    |   13.391|
data2<14>      |dataout<28>    |   13.982|
data2<14>      |dataout<29>    |   14.771|
data2<14>      |dataout<30>    |   14.395|
data2<14>      |dataout<31>    |   15.148|
data2<14>      |oflag          |   16.341|
data2<14>      |zflag          |   17.069|
data2<15>      |cflag          |   16.486|
data2<15>      |dataout<0>     |   17.140|
data2<15>      |dataout<15>    |    8.771|
data2<15>      |dataout<16>    |    8.939|
data2<15>      |dataout<17>    |    9.478|
data2<15>      |dataout<18>    |   10.583|
data2<15>      |dataout<19>    |   12.186|
data2<15>      |dataout<20>    |   11.546|
data2<15>      |dataout<21>    |   12.576|
data2<15>      |dataout<22>    |   12.636|
data2<15>      |dataout<23>    |   12.335|
data2<15>      |dataout<24>    |   12.350|
data2<15>      |dataout<25>    |   12.807|
data2<15>      |dataout<26>    |   12.747|
data2<15>      |dataout<27>    |   13.743|
data2<15>      |dataout<28>    |   14.334|
data2<15>      |dataout<29>    |   15.123|
data2<15>      |dataout<30>    |   14.747|
data2<15>      |dataout<31>    |   15.500|
data2<15>      |oflag          |   16.693|
data2<15>      |zflag          |   17.421|
data2<16>      |cflag          |   16.031|
data2<16>      |dataout<0>     |   16.685|
data2<16>      |dataout<16>    |    8.335|
data2<16>      |dataout<17>    |    8.245|
data2<16>      |dataout<18>    |   10.128|
data2<16>      |dataout<19>    |   11.731|
data2<16>      |dataout<20>    |   11.091|
data2<16>      |dataout<21>    |   12.121|
data2<16>      |dataout<22>    |   12.181|
data2<16>      |dataout<23>    |   11.880|
data2<16>      |dataout<24>    |   11.895|
data2<16>      |dataout<25>    |   12.352|
data2<16>      |dataout<26>    |   12.292|
data2<16>      |dataout<27>    |   13.288|
data2<16>      |dataout<28>    |   13.879|
data2<16>      |dataout<29>    |   14.668|
data2<16>      |dataout<30>    |   14.292|
data2<16>      |dataout<31>    |   15.045|
data2<16>      |oflag          |   16.238|
data2<16>      |zflag          |   16.966|
data2<17>      |cflag          |   16.013|
data2<17>      |dataout<0>     |   16.667|
data2<17>      |dataout<17>    |    8.245|
data2<17>      |dataout<18>    |   10.110|
data2<17>      |dataout<19>    |   11.713|
data2<17>      |dataout<20>    |   11.073|
data2<17>      |dataout<21>    |   12.103|
data2<17>      |dataout<22>    |   12.163|
data2<17>      |dataout<23>    |   11.862|
data2<17>      |dataout<24>    |   11.877|
data2<17>      |dataout<25>    |   12.334|
data2<17>      |dataout<26>    |   12.274|
data2<17>      |dataout<27>    |   13.270|
data2<17>      |dataout<28>    |   13.861|
data2<17>      |dataout<29>    |   14.650|
data2<17>      |dataout<30>    |   14.274|
data2<17>      |dataout<31>    |   15.027|
data2<17>      |oflag          |   16.220|
data2<17>      |zflag          |   16.948|
data2<18>      |cflag          |   14.495|
data2<18>      |dataout<0>     |   15.149|
data2<18>      |dataout<18>    |    8.780|
data2<18>      |dataout<19>    |    8.963|
data2<18>      |dataout<20>    |    9.555|
data2<18>      |dataout<21>    |   10.585|
data2<18>      |dataout<22>    |   10.645|
data2<18>      |dataout<23>    |   10.344|
data2<18>      |dataout<24>    |   10.359|
data2<18>      |dataout<25>    |   10.816|
data2<18>      |dataout<26>    |   10.756|
data2<18>      |dataout<27>    |   11.752|
data2<18>      |dataout<28>    |   12.343|
data2<18>      |dataout<29>    |   13.132|
data2<18>      |dataout<30>    |   12.756|
data2<18>      |dataout<31>    |   13.509|
data2<18>      |oflag          |   14.702|
data2<18>      |zflag          |   15.430|
data2<19>      |cflag          |   14.101|
data2<19>      |dataout<0>     |   14.755|
data2<19>      |dataout<19>    |    8.814|
data2<19>      |dataout<20>    |    9.161|
data2<19>      |dataout<21>    |   10.191|
data2<19>      |dataout<22>    |   10.251|
data2<19>      |dataout<23>    |    9.950|
data2<19>      |dataout<24>    |    9.965|
data2<19>      |dataout<25>    |   10.422|
data2<19>      |dataout<26>    |   10.362|
data2<19>      |dataout<27>    |   11.358|
data2<19>      |dataout<28>    |   11.949|
data2<19>      |dataout<29>    |   12.738|
data2<19>      |dataout<30>    |   12.362|
data2<19>      |dataout<31>    |   13.115|
data2<19>      |oflag          |   14.308|
data2<19>      |zflag          |   15.036|
data2<20>      |cflag          |   13.605|
data2<20>      |dataout<0>     |   14.259|
data2<20>      |dataout<20>    |    8.516|
data2<20>      |dataout<21>    |    8.890|
data2<20>      |dataout<22>    |    9.755|
data2<20>      |dataout<23>    |    9.454|
data2<20>      |dataout<24>    |    9.469|
data2<20>      |dataout<25>    |    9.926|
data2<20>      |dataout<26>    |    9.866|
data2<20>      |dataout<27>    |   10.862|
data2<20>      |dataout<28>    |   11.453|
data2<20>      |dataout<29>    |   12.242|
data2<20>      |dataout<30>    |   11.866|
data2<20>      |dataout<31>    |   12.619|
data2<20>      |oflag          |   13.812|
data2<20>      |zflag          |   14.540|
data2<21>      |cflag          |   13.881|
data2<21>      |dataout<0>     |   14.535|
data2<21>      |dataout<21>    |    8.625|
data2<21>      |dataout<22>    |   10.031|
data2<21>      |dataout<23>    |    9.730|
data2<21>      |dataout<24>    |    9.745|
data2<21>      |dataout<25>    |   10.202|
data2<21>      |dataout<26>    |   10.142|
data2<21>      |dataout<27>    |   11.138|
data2<21>      |dataout<28>    |   11.729|
data2<21>      |dataout<29>    |   12.518|
data2<21>      |dataout<30>    |   12.142|
data2<21>      |dataout<31>    |   12.895|
data2<21>      |oflag          |   14.088|
data2<21>      |zflag          |   14.816|
data2<22>      |cflag          |   13.024|
data2<22>      |dataout<0>     |   13.678|
data2<22>      |dataout<22>    |    8.418|
data2<22>      |dataout<23>    |    7.807|
data2<22>      |dataout<24>    |    8.888|
data2<22>      |dataout<25>    |    9.345|
data2<22>      |dataout<26>    |    9.285|
data2<22>      |dataout<27>    |   10.281|
data2<22>      |dataout<28>    |   10.872|
data2<22>      |dataout<29>    |   11.661|
data2<22>      |dataout<30>    |   11.285|
data2<22>      |dataout<31>    |   12.038|
data2<22>      |oflag          |   13.231|
data2<22>      |zflag          |   13.959|
data2<23>      |cflag          |   12.867|
data2<23>      |dataout<0>     |   13.521|
data2<23>      |dataout<23>    |    7.865|
data2<23>      |dataout<24>    |    8.731|
data2<23>      |dataout<25>    |    9.188|
data2<23>      |dataout<26>    |    9.128|
data2<23>      |dataout<27>    |   10.124|
data2<23>      |dataout<28>    |   10.715|
data2<23>      |dataout<29>    |   11.504|
data2<23>      |dataout<30>    |   11.128|
data2<23>      |dataout<31>    |   11.881|
data2<23>      |oflag          |   13.074|
data2<23>      |zflag          |   13.802|
data2<24>      |cflag          |   12.087|
data2<24>      |dataout<0>     |   12.741|
data2<24>      |dataout<24>    |    7.565|
data2<24>      |dataout<25>    |    7.536|
data2<24>      |dataout<26>    |    8.348|
data2<24>      |dataout<27>    |    9.344|
data2<24>      |dataout<28>    |    9.935|
data2<24>      |dataout<29>    |   10.724|
data2<24>      |dataout<30>    |   10.348|
data2<24>      |dataout<31>    |   11.101|
data2<24>      |oflag          |   12.294|
data2<24>      |zflag          |   13.022|
data2<25>      |cflag          |   12.606|
data2<25>      |dataout<0>     |   13.260|
data2<25>      |dataout<25>    |    8.135|
data2<25>      |dataout<26>    |    8.867|
data2<25>      |dataout<27>    |    9.863|
data2<25>      |dataout<28>    |   10.454|
data2<25>      |dataout<29>    |   11.243|
data2<25>      |dataout<30>    |   10.867|
data2<25>      |dataout<31>    |   11.620|
data2<25>      |oflag          |   12.813|
data2<25>      |zflag          |   13.541|
data2<26>      |cflag          |   11.204|
data2<26>      |dataout<0>     |   11.858|
data2<26>      |dataout<26>    |    8.445|
data2<26>      |dataout<27>    |    8.225|
data2<26>      |dataout<28>    |    9.052|
data2<26>      |dataout<29>    |    9.841|
data2<26>      |dataout<30>    |    9.465|
data2<26>      |dataout<31>    |   10.218|
data2<26>      |oflag          |   11.411|
data2<26>      |zflag          |   12.139|
data2<27>      |cflag          |   11.754|
data2<27>      |dataout<0>     |   12.408|
data2<27>      |dataout<27>    |    8.482|
data2<27>      |dataout<28>    |    9.602|
data2<27>      |dataout<29>    |   10.391|
data2<27>      |dataout<30>    |   10.015|
data2<27>      |dataout<31>    |   10.768|
data2<27>      |oflag          |   11.961|
data2<27>      |zflag          |   12.689|
data2<28>      |cflag          |   11.294|
data2<28>      |dataout<0>     |   11.948|
data2<28>      |dataout<28>    |    9.136|
data2<28>      |dataout<29>    |    8.813|
data2<28>      |dataout<30>    |    9.555|
data2<28>      |dataout<31>    |   10.308|
data2<28>      |oflag          |   11.501|
data2<28>      |zflag          |   12.229|
data2<29>      |cflag          |   11.505|
data2<29>      |dataout<0>     |   12.159|
data2<29>      |dataout<29>    |    8.617|
data2<29>      |dataout<30>    |    9.766|
data2<29>      |dataout<31>    |   10.519|
data2<29>      |oflag          |   11.712|
data2<29>      |zflag          |   12.440|
data2<30>      |cflag          |    9.223|
data2<30>      |dataout<0>     |    9.877|
data2<30>      |dataout<30>    |    8.540|
data2<30>      |dataout<31>    |    8.237|
data2<30>      |oflag          |    9.430|
data2<30>      |zflag          |   10.508|
data2<31>      |cflag          |    6.776|
data2<31>      |dataout<0>     |    9.425|
data2<31>      |dataout<31>    |    7.809|
data2<31>      |oflag          |    6.970|
data2<31>      |zflag          |    9.706|
---------------+---------------+---------+


Analysis completed Tue Apr 18 23:51:34 2017 
--------------------------------------------------------------------------------

Trace Settings:
-------------------------
Trace Settings 

Peak Memory Usage: 673 MB



